a.f
	Block 0
		*ssa.Call	print(0:int)
			*ssa.Builtin	builtin print
			*ssa.Const	0:int
		*ssa.Return	return
--- FAIL: TestAnalyzer (0000s)
    analysistest.go:614: a/a.go:6: no diagnostic was reported matching `pattern`
    analysistest.go:614: a/a.go:7: no diagnostic was reported matching `identifier is gopher`
FAIL
exit status 1
FAIL	example.com/example	0000s
