-- example/cmd/example/main.go --
package main

import (
	"example"

	"golang.org/x/tools/go/analysis/unitchecker"
)

func main() { unitchecker.Main(example.Analyzer) }
-- example/example.go --
package example

import (
	"go/ast"

	"golang.org/x/tools/go/analysis"
	"golang.org/x/tools/go/analysis/passes/inspect"
	"golang.org/x/tools/go/ast/inspector"
)

const doc = "example is ..."

// Analyzer is ...
var Analyzer = &analysis.Analyzer{
	Name: "example",
	Doc:  doc,
	Run:  run,
	Requires: []*analysis.Analyzer{
		inspect.Analyzer,
	},
}

func run(pass *analysis.Pass) (interface{}, error) {
	inspect := pass.ResultOf[inspect.Analyzer].(*inspector.Inspector)

	nodeFilter := []ast.Node{
		(*ast.Ident)(nil),
	}

	inspect.Preorder(nodeFilter, func(n ast.Node) {
		switch n := n.(type) {
		case *ast.Ident:
			if n.Name == "gopher" {
				pass.Reportf(n.Pos(), "identifier is gopher")
			}
		}
	})

	return nil, nil
}
-- example/example_test.go --
package example_test

import (
	"testing"

	"example"

	"github.com/gostaticanalysis/testutil"
	"golang.org/x/tools/go/analysis/analysistest"
)

// TestAnalyzer is a test for Analyzer.
func TestAnalyzer(t *testing.T) {
	testdata := testutil.WithModules(t, analysistest.TestData(), nil)
	analysistest.Run(t, testdata, example.Analyzer, "a")
}
-- example/go.mod --
module example

go 1.17

-- example/testdata/src/a/a.go --
package a

func f() {
	// The pattern can be written in regular expression.
	var gopher int // want "pattern"
	print(gopher)  // want "identifier is gopher"
}
-- example/testdata/src/a/go.mod --
module a

go 1.17

